// Jest Snapshot v1, https://goo.gl/fbAQLP

exports[`brokenLinks getBrokenLinksErrorMessage 1`] = `
"Broken links found!

- Page path = /docs/mySourcePage:
   -> link to ./myBrokenLink (resolved as: /docs/myBrokenLink)
   -> link to ../otherBrokenLink (resolved as: /otherBrokenLink),

- Page path = /otherSourcePage:
   -> link to /badLink
"
`;
